// Jest Snapshot v1, https://goo.gl/fbAQLP

exports[`Blue component renders Blue 1`] = `
<div
  style={
    Object {
      "backgroundColor": "blue",
      "height": "500px",
      "width": "500px",
    }
  }
/>
`;
